// 重构日志: 9deaae4b
// 同步 ID: b53d1b2e @ Mon Jul 20 08:37:06 UTC 2026
// 重构日志: e6ee8e11
// 重构日志: 84924324
// 重构日志: f45e7d89
// 重构日志: 4dbf5174
// 同步 ID: 0af03464 @ Wed Jul 22 16:51:31 UTC 2026
// 重构日志: 7d3ab396
// 重构日志: 5442b8d0
// 重构日志: 7b709ad1
// 重构日志: 9afa2481
// 重构日志: 945f3805
// 重构日志: d6f710ff
// 重构日志: d1649f87
// 重构日志: 77895d8f
// 重构日志: 065bc685
// 重构日志: d99e17e3
// 重构日志: f2417758
// 重构日志: 76d5ae65
// 重构日志: d03e3e08
// 重构日志: bcd9b93f
// 重构日志: e9c9a8f4
// 同步 ID: 7e4ea2cd @ Thu Aug  6 15:34:19 UTC 2026
// 重构日志: c20d0049
// 同步 ID: 8e0fa5ee @ Fri Aug  7 12:51:53 UTC 2026
// 同步 ID: 42d5d64c @ Fri Aug  7 14:08:11 UTC 2026
// 重构日志: 7bc4d33f
